対象駅数: 34
[1/34] 富山県 上平: 75件 -> mne-19238.json
[2/34] 石川県 赤神: 30件 -> mne-19256.json
[3/34] 長野県 池田: 120件 -> mne-19175.json
    [全接続先で失敗: https://overpass.private.coffee/api/interpreter:network_error; https://maps.mail.ru/osm/tools/overpass/api/interpreter:network_error; https://overpass.private.coffee/api/interpreter:network_error; https://maps.mail.ru/osm/tools/overpass/api/interpreter:network_error]
[4/34] 長野県 木曽川源流の里　きそむら: 19件（部分成功: other欠落） -> mne-19286.json
[5/34] 岐阜県 飛騨街道　なぎさ: 30件 -> mne-19310.json
    [全接続先で失敗: https://overpass.private.coffee/api/interpreter:network_error; https://maps.mail.ru/osm/tools/overpass/api/interpreter:network_error; https://overpass.private.coffee/api/interpreter:network_error; https://maps.mail.ru/osm/tools/overpass/api/interpreter:network_error]
[6/34] 岐阜県 月見の里　南濃: 73件（部分成功: other欠落） -> mne-19328.json
[7/34] 静岡県 富士: 176件 -> mne-19339.json
[8/34] 静岡県 フォーレなかかわね茶茗舘: 88件 -> mne-19343.json
    [全接続先で失敗: https://overpass.private.coffee/api/interpreter:network_error; https://maps.mail.ru/osm/tools/overpass/api/interpreter:network_error; https://overpass.private.coffee/api/interpreter:network_error; https://maps.mail.ru/osm/tools/overpass/api/interpreter:network_error]
[9/34] 愛知県 つぐ高原グリーンパーク: 33件（部分成功: other欠落） -> mne-19365.json
[10/34] 愛知県 瀬戸しなの: 179件 -> mne-19374.json
[11/34] 愛知県 もっくる新城: 149件 -> mne-19376.json
    [全接続先で失敗: https://overpass.private.coffee/api/interpreter:network_error; https://maps.mail.ru/osm/tools/overpass/api/interpreter:network_error; https://overpass.private.coffee/api/interpreter:network_error; https://maps.mail.ru/osm/tools/overpass/api/interpreter:network_error]
[12/34] 三重県 紀宝町ウミガメ公園: 75件（部分成功: food欠落） -> mne-19379.json
[13/34] 滋賀県 草津: 177件 -> mne-19414.json
[14/34] 京都府 丹後王国「食のみやこ」: 168件 -> mne-19434.json
[15/34] 京都府 スプリングスひよし: 100件 -> mne-19438.json
[16/34] 大阪府 能勢（くりの郷）: 128件 -> mne-19442.json
[17/34] 兵庫県 宿場町ひらふく: 95件 -> mne-19463.json
[18/34] 兵庫県 あゆの里矢田川: 104件 -> mne-19464.json
[19/34] 奈良県 吉野路　上北山: 36件 -> mne-19478.json
[20/34] 奈良県 杉の湯　川上: 115件 -> mne-19479.json
    [全接続先で失敗: https://overpass.private.coffee/api/interpreter:network_error; https://maps.mail.ru/osm/tools/overpass/api/interpreter:network_error; https://overpass.private.coffee/api/interpreter:network_error; https://maps.mail.ru/osm/tools/overpass/api/interpreter:network_error]
[21/34] 奈良県 宇陀路室生: 100件（部分成功: other欠落） -> mne-19484.json
[22/34] 和歌山県 一枚岩: 124件 -> mne-19507.json
[23/34] 鳥取県 神話の里　白うさぎ: 178件 -> mne-19523.json
[24/34] 鳥取県 琴の浦: 84件 -> mne-19886.json
[25/34] 広島県 北の関宿安芸高田: 30件 -> mne-19584.json
[26/34] 広島県 みはら神明の里: 180件 -> mne-19587.json
[27/34] 山口県 上関海峡: 30件 -> mne-19611.json
[28/34] 徳島県 みまの里: 105件 -> mne-19921.json
[29/34] 愛媛県 みま: 146件 -> mne-19665.json
[30/34] 高知県 633美の里: 30件 -> mne-19690.json
[31/34] 高知県 なかとさ: 62件 -> mne-19896.json
[32/34] 福岡県 くるめ: 174件 -> mne-19705.json
[33/34] 大分県 鯛生金山: 31件 -> mne-19762.json
[34/34] 鹿児島県 喜入: 91件 -> mne-19792.json

完了: 34/34 件生成。失敗: 0件 []
